// Jest Snapshot v1, https://goo.gl/fbAQLP

exports[`GoogleMap Component should render GoogleMap component 1`] = `
<div>
  Loading...
</div>
`;
