// Jest Snapshot v1, https://goo.gl/fbAQLP

exports[`Helmet Component should render Helmet component 1`] = `
<div
  className="application"
/>
`;
