// Jest Snapshot v1, https://goo.gl/fbAQLP

exports[`Icons component should render Icons component 1`] = `
<a
  className="social"
/>
`;
